{
  "expected_tree": {
    "file_example_MOV_1920_2_2MB.mov": {
      "size": 2247200,
      "md5": "a83042765f254adccb53cb1e455c1733",
      "sha256": "ead8b50cf8baddc028a1607c7519667a5e22396f5b6040de709d684fc1e40c62"
    },
    "file_example_XLSX_10.xlsx": {
      "size": 1223,
      "md5": "5b692b93b432718dac4fea2080b25946",
      "sha256": "236141f43c69e238a1c8a711f3789d59fca2ef8cf503fc08fb3d23cd399a7745"
    },
    "file_example_XLSX_5000.xlsx": {
      "size": 1223,
      "md5": "5b692b93b432718dac4fea2080b25946",
      "sha256": "236141f43c69e238a1c8a711f3789d59fca2ef8cf503fc08fb3d23cd399a7745"
    },
    "index.html": {
      "size": 2142,
      "md5": "77035fd1b6366748282f6d4df5025f8f",
      "sha256": "a835587157427c638b39bc48ebda593502ba7ff7a4b74b7065341a717a74449c"
    },
    "subfolder/file-example_PDF_1MB.pdf": {
      "size": 1223,
      "md5": "5b692b93b432718dac4fea2080b25946",
      "sha256": "236141f43c69e238a1c8a711f3789d59fca2ef8cf503fc08fb3d23cd399a7745"
    },
    "subfolder/zip_10MB.zip": {
      "size": 2142,
      "md5": "e6580704bea16d822c89182a797c2311",
      "sha256": "7f871fc6df9c139a67251f2c8eb296dcae6fa18825f202eb90bb9502219a9a9a"
    }
  },
  "expected_subfolder_flat": {
    "file-example_PDF_1MB.pdf": {
      "size": 1223,
      "md5": "5b692b93b432718dac4fea2080b25946",
      "sha256": "236141f43c69e238a1c8a711f3789d59fca2ef8cf503fc08fb3d23cd399a7745"
    },
    "zip_10MB.zip": {
      "size": 2142,
      "md5": "e6580704bea16d822c89182a797c2311",
      "sha256": "7f871fc6df9c139a67251f2c8eb296dcae6fa18825f202eb90bb9502219a9a9a"
    }
  }
}